PRT1
29
66
4 0 10 (64 0 -1064 ) (864 0 -1064 ) (864 0 -928 ) (64 0 -928 ) 
4 0 13 (0 0 -928 ) (0 0 -1064 ) (64 0 -1064 ) (64 0 -928 ) 
4 0 6 (864 0 64 ) (64 0 64 ) (64 0 -928 ) (864 0 -928 ) 
4 0 9 (64 0 64 ) (0 0 64 ) (0 0 -928 ) (64 0 -928 ) 
4 0 3 (896 0 64 ) (864 0 64 ) (864 0 -1064 ) (896 0 -1064 ) 
4 0 1 (0 0 -1064 ) (0 0 64 ) (0 551.226013 64 ) (0 551.226013 -1064 ) 
4 1 18 (0 0 -1064 ) (0 0 -1062 ) (-1024 0 -1062 ) (-1024 0 -1064 ) 
4 1 16 (-528 0 64 ) (-1024 0 64 ) (-1024 0 -1062 ) (-528 0 -1062 ) 
4 1 15 (0 0 -1062 ) (0 0 64 ) (-528 0 64 ) (-528 0 -1062 ) 
4 1 2 (-1024 0 -1064 ) (-1024 0 64 ) (-1024 551.226013 64 ) (-1024 551.226013 -1064 ) 
4 2 19 (-1024 0 -1064 ) (-1024 0 64 ) (-1088 0 64 ) (-1088 0 -1064 ) 
4 3 10 (864 0 -928 ) (864 0 -1064 ) (864 -480 -1064 ) (864 -480 -928 ) 
4 3 6 (864 0 64 ) (864 0 -928 ) (864 -480 -928 ) (864 -480 64 ) 
4 3 4 (896 -480 -928 ) (896 -480 64 ) (864 -480 64 ) (864 -480 -928 ) 
4 4 7 (864 -672 -896 ) (864 -672 64 ) (864 -480 64 ) (864 -480 -896 ) 
4 4 5 (896 -672 -928 ) (896 -672 64 ) (864 -672 64 ) (864 -672 -928 ) 
4 5 14 (896 -1024 64 ) (864 -1024 64 ) (864 -1024 -1064 ) (896 -1024 -1064 ) 
4 5 12 (864 -672 -1064 ) (864 -1024 -1064 ) (864 -1024 -928 ) (864 -672 -928 ) 
4 5 8 (864 -1024 -928 ) (864 -1024 64 ) (864 -672 64 ) (864 -672 -928 ) 
4 6 10 (64 0 -928 ) (864 0 -928 ) (864 -480 -928 ) (64 -480 -928 ) 
4 6 7 (64 -480 64 ) (64 -480 -896 ) (864 -480 -896 ) (864 -480 64 ) 
4 6 9 (64 0 -928 ) (64 -480 -928 ) (64 -480 64 ) (64 0 64 ) 
4 7 9 (64 -672 -896 ) (64 -672 64 ) (64 -480 64 ) (64 -480 -896 ) 
4 7 8 (64 -672 64 ) (64 -672 -896 ) (864 -672 -896 ) (864 -672 64 ) 
4 8 14 (64 -1024 -928 ) (864 -1024 -928 ) (864 -1024 64 ) (64 -1024 64 ) 
4 8 12 (864 -672 -928 ) (864 -1024 -928 ) (64 -1024 -928 ) (64 -672 -928 ) 
4 8 9 (64 -672 -928 ) (64 -1024 -928 ) (64 -1024 64 ) (64 -672 64 ) 
4 9 15 (0 0 64 ) (0 0 -928 ) (0 -1024 -928 ) (0 -1024 64 ) 
4 9 14 (0 -1024 64 ) (0 -1024 -928 ) (64 -1024 -928 ) (64 -1024 64 ) 
4 9 13 (0 0 -928 ) (64 0 -928 ) (64 -1024 -928 ) (0 -1024 -928 ) 
4 10 13 (64 0 -1064 ) (64 -480 -1064 ) (64 -480 -928 ) (64 0 -928 ) 
4 11 13 (64 -512 -1064 ) (64 -640 -1064 ) (64 -640 -928 ) (64 -512 -928 ) 
4 12 14 (64 -1024 -1064 ) (864 -1024 -1064 ) (864 -1024 -928 ) (64 -1024 -928 ) 
4 12 13 (64 -672 -1064 ) (64 -1024 -1064 ) (64 -1024 -928 ) (64 -672 -928 ) 
4 13 18 (0 0 -1062 ) (0 0 -1064 ) (0 -1024 -1064 ) (0 -1024 -1062 ) 
4 13 15 (0 0 -928 ) (0 0 -1062 ) (0 -1024 -1062 ) (0 -1024 -928 ) 
4 13 14 (0 -1024 -928 ) (0 -1024 -1064 ) (64 -1024 -1064 ) (64 -1024 -928 ) 
4 14 25 (0 -1095.229980 64 ) (0 -1089 64 ) (0 -1089 -1064 ) (0 -1095.229980 -1064 ) 
4 14 22 (0 -1089 64 ) (0 -1024 64 ) (0 -1024 -1064 ) (0 -1089 -1064 ) 
4 15 22 (0 -1024 -1062 ) (0 -1024 64 ) (-528 -1024 64 ) (-528 -1024 -1062 ) 
4 15 18 (0 -1024 -1062 ) (-528 -1024 -1062 ) (-528 0 -1062 ) (0 0 -1062 ) 
4 15 17 (-528 -1024 -802 ) (-528 -1024 64 ) (-528 -773 64 ) (-528 -773 -802 ) 
4 15 16 (-528 0 -1062 ) (-528 -773 -1062 ) (-528 -773 64 ) (-528 0 64 ) 
4 16 19 (-1024 0 64 ) (-1024 0 -1062 ) (-1024 -773 -1062 ) (-1024 -773 64 ) 
4 16 18 (-1024 -773 -1062 ) (-1024 0 -1062 ) (-528 0 -1062 ) (-528 -773 -1062 ) 
4 16 17 (-528 -773 -802 ) (-528 -773 64 ) (-1024 -773 64 ) (-1024 -773 -802 ) 
4 17 23 (-528 -1024 64 ) (-1024 -1024 64 ) (-1024 -1024 -802 ) (-528 -1024 -802 ) 
4 17 20 (-1024 -1024 -802 ) (-1024 -1024 64 ) (-1024 -773 64 ) (-1024 -773 -802 ) 
4 18 24 (-528 -1024 -1062 ) (-1024 -1024 -1062 ) (-1024 -1024 -1064 ) (-528 -1024 -1064 ) 
4 18 22 (0 -1024 -1064 ) (0 -1024 -1062 ) (-528 -1024 -1062 ) (-528 -1024 -1064 ) 
4 18 21 (-1024 -773 -1064 ) (-1024 -1024 -1064 ) (-1024 -1024 -1062 ) (-1024 -773 -1062 ) 
4 18 19 (-1024 0 -1062 ) (-1024 0 -1064 ) (-1024 -773 -1064 ) (-1024 -773 -1062 ) 
4 19 20 (-1088 -773 64 ) (-1088 -773 -802 ) (-1024 -773 -802 ) (-1024 -773 64 ) 
4 19 21 (-1088 -773 -1062 ) (-1088 -773 -1064 ) (-1024 -773 -1064 ) (-1024 -773 -1062 ) 
4 20 26 (-1024 -1024 -802 ) (-1024 -1024 64 ) (-1088 -1024 64 ) (-1088 -1024 -802 ) 
4 21 27 (-1024 -1024 -1064 ) (-1024 -1024 -1062 ) (-1088 -1024 -1062 ) (-1088 -1024 -1064 ) 
4 22 25 (-528 -1089 -1064 ) (0 -1089 -1064 ) (0 -1089 64 ) (-528 -1089 64 ) 
4 22 23 (-528 -1089 -802 ) (-528 -1089 64 ) (-528 -1024 64 ) (-528 -1024 -802 ) 
4 22 24 (-528 -1024 -1064 ) (-528 -1089 -1064 ) (-528 -1089 -1062 ) (-528 -1024 -1062 ) 
4 23 26 (-1024 -1024 64 ) (-1024 -1024 -802 ) (-1024 -1089 -802 ) (-1024 -1089 64 ) 
4 23 25 (-528 -1089 -802 ) (-528 -1089 64 ) (-1024 -1089 64 ) (-1024 -1089 -802 ) 
4 24 27 (-1024 -1024 -1062 ) (-1024 -1024 -1064 ) (-1024 -1089 -1064 ) (-1024 -1089 -1062 ) 
4 24 25 (-1024 -1089 -1064 ) (-528 -1089 -1064 ) (-528 -1089 -1062 ) (-1024 -1089 -1062 ) 
4 25 28 (-1024 -1089 -1064 ) (-1024 -1095.229980 -1064 ) (-1024 -1095.229980 64 ) (-1024 -1089 64 ) 
4 26 28 (-1088 -1089 64 ) (-1088 -1089 -802 ) (-1024 -1089 -802 ) (-1024 -1089 64 ) 
4 27 28 (-1088 -1089 -1062 ) (-1088 -1089 -1064 ) (-1024 -1089 -1064 ) (-1024 -1089 -1062 ) 
