PRT1
128
317
4 0 8 (2048 0 32 ) (2048 0 160 ) (1696 0 160 ) (1696 0 32 ) 
4 0 1 (1696 144 32 ) (1696 96 32 ) (1696 96 120 ) (1696 144 120 ) 
4 1 2 (1664 144 32 ) (1664 96 32 ) (1664 96 120 ) (1664 144 120 ) 
4 2 9 (1280 0 32 ) (1664 0 32 ) (1664 0 160 ) (1280 0 160 ) 
4 2 4 (1280 224 32 ) (1280 0 32 ) (1280 0 160 ) (1280 224 160 ) 
4 3 5 (1088 544 32 ) (1088 288 32 ) (1088 288 160 ) (1088 544 160 ) 
4 4 42 (1088 0 32 ) (1152 0 32 ) (1152 0 80 ) (1088 0 80 ) 
4 4 19 (1152 0 80 ) (1152 0 160 ) (1088 0 160 ) (1088 0 80 ) 
4 4 10 (1152 0 32 ) (1280 0 32 ) (1280 0 160 ) (1152 0 160 ) 
4 4 7 (1088 224 32 ) (1088 0 32 ) (1088 0 160 ) (1088 224 160 ) 
4 5 57 (1024 244 160 ) (1024 544 160 ) (1024 544 32 ) (1024 244 32 ) 
4 5 6 (1024 244 32 ) (1088 244 32 ) (1088 244 160 ) (1024 244 160 ) 
4 6 58 (1024 236 160 ) (1024 244 160 ) (1024 244 32 ) (1024 236 32 ) 
4 6 7 (1024 236 32 ) (1088 236 32 ) (1088 236 160 ) (1024 236 160 ) 
4 7 59 (1024 0 32 ) (1024 0 160 ) (1024 236 160 ) (1024 236 32 ) 
4 7 46 (1024 0 80 ) (1024 0 32 ) (1088 0 32 ) (1088 0 80 ) 
4 7 34 (1024 0 160 ) (1024 0 80 ) (1056 0 80 ) (1056 0 160 ) 
4 7 30 (1056 0 80 ) (1088 0 80 ) (1088 0 160 ) (1056 0 160 ) 
4 9 10 (1280 0 32 ) (1280 -32 32 ) (1280 -32 160 ) (1280 0 160 ) 
4 10 42 (1152 0 32 ) (1152 -32 32 ) (1152 -32 80 ) (1152 0 80 ) 
4 10 19 (1152 -32 80 ) (1152 -32 160 ) (1152 0 160 ) (1152 0 80 ) 
4 11 44 (1152 -96 32 ) (1152 -188 32 ) (1152 -188 72 ) (1152 -96 72 ) 
4 11 43 (1152 -188 72 ) (1152 -188 80 ) (1152 -96 80 ) (1152 -96 72 ) 
4 11 20 (1152 -188 80 ) (1152 -188 160 ) (1152 -96 160 ) (1152 -96 80 ) 
4 11 16 (1152 -188 72 ) (1152 -188 32 ) (1154 -188 32 ) (1154 -188 72 ) 
4 11 15 (1154 -188 32 ) (1280 -188 32 ) (1280 -188 72 ) (1154 -188 72 ) 
4 11 13 (1152 -188 160 ) (1152 -188 80 ) (1156 -188 80 ) (1156 -188 160 ) 
4 11 12 (1156 -188 72 ) (1280 -188 72 ) (1280 -188 160 ) (1156 -188 160 ) 
4 12 15 (1280 -352 72 ) (1156 -352 72 ) (1156 -188 72 ) (1280 -188 72 ) 
4 12 13 (1156 -188 160 ) (1156 -188 80 ) (1156 -260 80 ) (1156 -260 160 ) 
4 12 14 (1156 -260 72 ) (1156 -352 72 ) (1156 -352 160 ) (1156 -260 160 ) 
4 13 20 (1152 -260 160 ) (1152 -188 160 ) (1152 -188 80 ) (1152 -260 80 ) 
4 13 14 (1152 -260 160 ) (1152 -260 80 ) (1156 -260 80 ) (1156 -260 160 ) 
4 14 53 (1152 -352 72 ) (1152 -352 80 ) (1152 -260 80 ) (1152 -260 72 ) 
4 14 29 (1152 -352 80 ) (1152 -352 160 ) (1152 -260 160 ) (1152 -260 80 ) 
4 14 18 (1154 -352 72 ) (1152 -352 72 ) (1152 -260 72 ) (1154 -260 72 ) 
4 14 15 (1156 -352 72 ) (1154 -352 72 ) (1154 -260 72 ) (1156 -260 72 ) 
4 15 17 (1154 -192 40 ) (1154 -192 32 ) (1154 -256 32 ) (1154 -256 40 ) 
4 15 16 (1154 -192 72 ) (1154 -188 72 ) (1154 -188 32 ) (1154 -192 32 ) 
4 15 18 (1154 -352 32 ) (1154 -352 72 ) (1154 -256 72 ) (1154 -256 32 ) 
4 16 45 (1152 -192 64 ) (1152 -192 72 ) (1152 -191 72 ) (1152 -191 64 ) 
4 16 44 (1152 -188 32 ) (1152 -191 32 ) (1152 -191 72 ) (1152 -188 72 ) 
4 16 17 (1154 -192 32 ) (1154 -192 40 ) (1152 -192 40 ) (1152 -192 32 ) 
4 17 18 (1154 -256 32 ) (1154 -256 40 ) (1152 -256 40 ) (1152 -256 32 ) 
4 18 54 (1152 -257 64 ) (1152 -257 72 ) (1152 -256 72 ) (1152 -256 64 ) 
4 18 55 (1152 -257 32 ) (1152 -352 32 ) (1152 -352 72 ) (1152 -257 72 ) 
4 19 42 (1088 0 80 ) (1152 0 80 ) (1152 -32 80 ) (1088 -32 80 ) 
4 19 30 (1088 0 80 ) (1088 -32 80 ) (1088 -32 160 ) (1088 0 160 ) 
4 20 50 (1116 -240 80 ) (1116 -208 80 ) (1144 -208 80 ) (1144 -240 80 ) 
4 20 43 (1152 -96 80 ) (1152 -188 80 ) (1116 -188 80 ) (1116 -96 80 ) 
4 20 29 (1116 -260 80 ) (1152 -260 80 ) (1152 -260 160 ) (1116 -260 160 ) 
4 20 22 (1116 -240 92 ) (1116 -240 160 ) (1116 -208 160 ) (1116 -208 92 ) 
4 20 21 (1116 -96 160 ) (1116 -96 80 ) (1116 -208 80 ) (1116 -208 160 ) 
4 20 23 (1116 -240 80 ) (1116 -260 80 ) (1116 -260 160 ) (1116 -240 160 ) 
4 21 43 (1112 -188 80 ) (1112 -96 80 ) (1116 -96 80 ) (1116 -188 80 ) 
4 21 24 (1112 -96 160 ) (1112 -96 80 ) (1112 -208 80 ) (1112 -208 160 ) 
4 21 22 (1112 -208 160 ) (1112 -208 92 ) (1116 -208 92 ) (1116 -208 160 ) 
4 22 24 (1112 -240 92 ) (1112 -240 160 ) (1112 -208 160 ) (1112 -208 92 ) 
4 22 23 (1112 -240 160 ) (1112 -240 92 ) (1116 -240 92 ) (1116 -240 160 ) 
4 23 29 (1112 -260 80 ) (1116 -260 80 ) (1116 -260 160 ) (1112 -260 160 ) 
4 23 24 (1112 -240 80 ) (1112 -260 80 ) (1112 -260 160 ) (1112 -240 160 ) 
4 24 43 (1090 -188 80 ) (1090 -96 80 ) (1112 -96 80 ) (1112 -188 80 ) 
4 24 29 (1090 -260 80 ) (1112 -260 80 ) (1112 -260 160 ) (1090 -260 160 ) 
3 24 28 (1090 -194.750000 96 ) (1090 -188 96 ) (1090 -188 90 ) 
3 24 27 (1090 -260 89.998070 ) (1090 -260 96 ) (1090 -253.247818 96 ) 
4 24 26 (1090 -260 96 ) (1090 -260 160 ) (1090 -188 160 ) (1090 -188 96 ) 
4 24 25 (1090 -96 160 ) (1090 -96 80 ) (1090 -188 80 ) (1090 -188 160 ) 
4 25 43 (1088 -188 80 ) (1088 -96 80 ) (1090 -96 80 ) (1090 -188 80 ) 
4 25 32 (1088 -96 80 ) (1088 -188 80 ) (1088 -188 160 ) (1088 -96 160 ) 
4 25 28 (1088 -188 96 ) (1088 -188 90 ) (1090 -188 90 ) (1090 -188 96 ) 
4 25 26 (1088 -188 160 ) (1088 -188 96 ) (1090 -188 96 ) (1090 -188 160 ) 
4 26 41 (1088 -260 96 ) (1088 -260 160 ) (1088 -240 160 ) (1088 -240 96 ) 
4 26 33 (1088 -240 160 ) (1088 -208 160 ) (1088 -208 96 ) (1088 -240 96 ) 
4 26 32 (1088 -208 160 ) (1088 -188 160 ) (1088 -188 96 ) (1088 -208 96 ) 
4 26 29 (1088 -260 160 ) (1088 -260 96 ) (1090 -260 96 ) (1090 -260 160 ) 
4 26 28 (1088 -188 96 ) (1090 -188 96 ) (1090 -194.750000 96 ) (1088 -194.750000 96 ) 
4 26 27 (1090 -253.247833 96 ) (1090 -260 96 ) (1088 -260 96 ) (1088 -253.247818 96 ) 
3 27 41 (1088 -260 89.998070 ) (1088 -260 96 ) (1088 -253.247818 96 ) 
4 27 29 (1088 -260 96 ) (1088 -260 89.998070 ) (1090 -260 89.998070 ) (1090 -260 96 ) 
3 28 32 (1088 -194.750000 96 ) (1088 -188 96 ) (1088 -188 90 ) 
4 29 53 (1152 -260 80 ) (1152 -352 80 ) (1088 -352 80 ) (1088 -260 80 ) 
4 29 41 (1088 -260 80 ) (1088 -352 80 ) (1088 -352 160 ) (1088 -260 160 ) 
4 30 46 (1056 0 80 ) (1088 0 80 ) (1088 -44 80 ) (1056 -44 80 ) 
4 30 34 (1056 0 80 ) (1056 -44 80 ) (1056 -44 160 ) (1056 0 160 ) 
4 30 31 (1056 -44 160 ) (1056 -44 80 ) (1088 -44 80 ) (1088 -44 160 ) 
4 31 47 (1088 -44 80 ) (1088 -52 80 ) (1056 -52 80 ) (1056 -44 80 ) 
4 31 35 (1056 -44 80 ) (1056 -52 80 ) (1056 -52 160 ) (1056 -44 160 ) 
4 31 32 (1056 -52 160 ) (1056 -52 80 ) (1088 -52 80 ) (1088 -52 160 ) 
4 32 48 (1088 -52 80 ) (1088 -188 80 ) (1056 -188 80 ) (1056 -52 80 ) 
4 32 36 (1056 -52 80 ) (1056 -208 80 ) (1056 -208 160 ) (1056 -52 160 ) 
4 32 33 (1072 -208 80 ) (1088 -208 80 ) (1088 -208 160 ) (1072 -208 160 ) 
4 33 41 (1072 -240 80 ) (1088 -240 80 ) (1088 -240 160 ) (1072 -240 160 ) 
4 34 82 (1024 -44 160 ) (1024 0 160 ) (1024 0 80 ) (1024 -44 80 ) 
4 34 46 (1024 -44 80 ) (1024 0 80 ) (1056 0 80 ) (1056 -44 80 ) 
4 34 35 (1024 -44 80 ) (1056 -44 80 ) (1056 -44 160 ) (1024 -44 160 ) 
4 35 83 (1024 -52 160 ) (1024 -44 160 ) (1024 -44 80 ) (1024 -52 80 ) 
4 35 47 (1024 -52 80 ) (1024 -44 80 ) (1056 -44 80 ) (1056 -52 80 ) 
4 35 36 (1024 -52 80 ) (1056 -52 80 ) (1056 -52 160 ) (1024 -52 160 ) 
4 36 84 (1024 -222 160 ) (1024 -52 160 ) (1024 -52 80 ) (1024 -222 80 ) 
4 36 48 (1024 -188 80 ) (1024 -52 80 ) (1056 -52 80 ) (1056 -188 80 ) 
4 36 39 (1024 -222 80 ) (1056 -222 80 ) (1056 -222 96 ) (1024 -222 96 ) 
4 36 37 (1056 -222 98 ) (1056 -222 160 ) (1024 -222 160 ) (1024 -222 98 ) 
4 37 85 (1024 -226 160 ) (1024 -222 160 ) (1024 -222 98 ) (1024 -226 98 ) 
4 37 38 (1056 -226 98 ) (1056 -226 160 ) (1024 -226 160 ) (1024 -226 98 ) 
4 38 86 (1024 -240 160 ) (1024 -226 160 ) (1024 -226 96 ) (1024 -240 96 ) 
4 38 41 (1056 -240 96 ) (1056 -240 160 ) (1024 -240 160 ) (1024 -240 96 ) 
4 38 40 (1056 -226 96 ) (1056 -240 96 ) (1024 -240 96 ) (1024 -226 96 ) 
4 39 87 (1024 -222 96 ) (1024 -222 80 ) (1024 -226 80 ) (1024 -226 96 ) 
4 39 40 (1024 -226 80 ) (1056 -226 80 ) (1056 -226 96 ) (1024 -226 96 ) 
4 40 88 (1024 -226 80 ) (1024 -240 80 ) (1024 -240 96 ) (1024 -226 96 ) 
4 40 41 (1024 -240 80 ) (1056 -240 80 ) (1056 -240 96 ) (1024 -240 96 ) 
4 41 93 (1024 -352 160 ) (1024 -240 160 ) (1024 -240 80 ) (1024 -352 80 ) 
4 41 53 (1024 -352 80 ) (1024 -260 80 ) (1088 -260 80 ) (1088 -352 80 ) 
4 42 46 (1088 0 32 ) (1088 -32 32 ) (1088 -32 80 ) (1088 0 80 ) 
4 43 48 (1088 -188 80 ) (1088 -96 80 ) (1088 -96 72 ) (1088 -188 72 ) 
4 43 44 (1088 -188 72 ) (1088 -96 72 ) (1152 -96 72 ) (1152 -188 72 ) 
4 44 49 (1088 -188 32 ) (1088 -191 32 ) (1088 -191 72 ) (1088 -188 72 ) 
4 44 48 (1088 -96 32 ) (1088 -188 32 ) (1088 -188 72 ) (1088 -96 72 ) 
4 44 45 (1152 -191 64 ) (1152 -191 72 ) (1088 -191 72 ) (1088 -191 64 ) 
4 45 49 (1088 -192 64 ) (1088 -192 72 ) (1088 -191 72 ) (1088 -191 64 ) 
4 46 101 (1024 -44 80 ) (1024 0 80 ) (1024 0 32 ) (1024 -44 32 ) 
4 46 47 (1024 -44 32 ) (1088 -44 32 ) (1088 -44 80 ) (1024 -44 80 ) 
4 47 102 (1024 -52 80 ) (1024 -44 80 ) (1024 -44 32 ) (1024 -52 32 ) 
4 47 48 (1024 -52 32 ) (1088 -52 32 ) (1088 -52 80 ) (1024 -52 80 ) 
4 48 103 (1024 -188 80 ) (1024 -52 80 ) (1024 -52 32 ) (1024 -188 32 ) 
4 48 49 (1024 -188 32 ) (1088 -188 32 ) (1088 -188 72 ) (1024 -188 72 ) 
4 49 104 (1024 -188 72 ) (1024 -188 32 ) (1024 -192 32 ) (1024 -192 72 ) 
4 49 51 (1024 -192 32 ) (1088 -192 32 ) (1088 -192 72 ) (1024 -192 72 ) 
4 51 109 (1024 -192 72 ) (1024 -192 32 ) (1024 -208 32 ) (1024 -208 72 ) 
4 52 110 (1024 -240 32 ) (1024 -256 32 ) (1024 -256 72 ) (1024 -240 72 ) 
4 52 56 (1024 -256 32 ) (1088 -256 32 ) (1088 -256 72 ) (1024 -256 72 ) 
4 53 113 (1024 -352 80 ) (1024 -260 80 ) (1024 -260 72 ) (1024 -352 72 ) 
4 53 55 (1152 -352 72 ) (1088 -352 72 ) (1088 -260 72 ) (1152 -260 72 ) 
4 53 56 (1088 -352 72 ) (1024 -352 72 ) (1024 -260 72 ) (1088 -260 72 ) 
4 54 55 (1088 -257 72 ) (1088 -257 64 ) (1152 -257 64 ) (1152 -257 72 ) 
4 54 56 (1088 -257 72 ) (1088 -256 72 ) (1088 -256 64 ) (1088 -257 64 ) 
4 55 56 (1088 -352 32 ) (1088 -352 72 ) (1088 -257 72 ) (1088 -257 32 ) 
4 56 114 (1024 -256 64 ) (1024 -256 32 ) (1024 -352 32 ) (1024 -352 64 ) 
4 56 112 (1024 -256 72 ) (1024 -256 64 ) (1024 -260 64 ) (1024 -260 72 ) 
4 56 113 (1024 -260 64 ) (1024 -352 64 ) (1024 -352 72 ) (1024 -260 72 ) 
4 57 60 (832 544 32 ) (832 288 32 ) (832 288 160 ) (832 544 160 ) 
4 57 58 (832 244 160 ) (832 244 32 ) (1024 244 32 ) (1024 244 160 ) 
4 58 59 (832 236 160 ) (832 236 32 ) (1024 236 32 ) (1024 236 160 ) 
4 59 101 (1024 0 32 ) (1024 0 80 ) (832 0 80 ) (832 0 32 ) 
4 59 89 (864 0 160 ) (832 0 160 ) (832 0 80 ) (864 0 80 ) 
4 59 82 (1024 0 80 ) (1024 0 160 ) (864 0 160 ) (864 0 80 ) 
4 59 61 (832 224 32 ) (832 0 32 ) (832 0 160 ) (832 224 160 ) 
4 61 116 (768 0 160 ) (640 0 160 ) (640 0 32 ) (768 0 32 ) 
4 61 105 (768 0 80 ) (768 0 32 ) (832 0 32 ) (832 0 80 ) 
4 61 94 (832 0 160 ) (768 0 160 ) (768 0 80 ) (832 0 80 ) 
4 61 62 (640 224 32 ) (640 0 32 ) (640 0 160 ) (640 224 160 ) 
4 62 125 (640 0 160 ) (256 0 160 ) (256 0 32 ) (640 0 32 ) 
4 62 74 (256 136 120 ) (256 136 32 ) (256 88 32 ) (256 88 120 ) 
4 63 81 (0 300 160 ) (0 303.500000 160 ) (0 303.500000 32 ) (0 300 32 ) 
4 63 72 (28 300 32 ) (32 300 32 ) (32 300 76 ) (28 300 76 ) 
4 63 73 (0 300 32 ) (28 300 32 ) (28 300 128 ) (0 300 128 ) 
4 63 71 (32 300 32 ) (112 300 32 ) (112 300 76 ) (32 300 76 ) 
4 63 69 (112 300 80 ) (112 300 128 ) (32 300 128 ) (32 300 80 ) 
4 63 68 (112 300 32 ) (116 300 32 ) (116 300 76 ) (112 300 76 ) 
4 63 67 (116 300 32 ) (224 300 32 ) (224 300 128 ) (116 300 128 ) 
4 63 65 (116 300 160 ) (28 300 160 ) (28 300 132 ) (116 300 132 ) 
4 63 64 (224 300 128 ) (224 300 160 ) (116 300 160 ) (116 300 128 ) 
4 63 66 (28 300 160 ) (0 300 160 ) (0 300 128 ) (28 300 128 ) 
4 64 75 (224 292 160 ) (116 292 160 ) (116 292 128 ) (224 292 128 ) 
4 64 67 (224 292 128 ) (116 292 128 ) (116 300 128 ) (224 300 128 ) 
4 64 65 (116 300 160 ) (116 300 132 ) (116 292 132 ) (116 292 160 ) 
4 65 75 (116 292 160 ) (28 292 160 ) (28 292 132 ) (116 292 132 ) 
4 65 66 (28 300 160 ) (28 300 132 ) (28 292 132 ) (28 292 160 ) 
4 66 81 (0 292 160 ) (0 300 160 ) (0 300 128 ) (0 292 128 ) 
4 66 75 (28 292 160 ) (0 292 160 ) (0 292 128 ) (28 292 128 ) 
4 66 73 (28 292 128 ) (0 292 128 ) (0 300 128 ) (28 300 128 ) 
5 67 77 (160.739288 292 32 ) (224 292 32 ) (224 292 39.896034 ) (116 292 68.834526 ) (116 292 43.987865 ) 
3 67 76 (116 292 32 ) (160.739288 292 32 ) (116 292 43.987865 ) 
4 67 75 (224 292 39.896034 ) (224 292 128 ) (116 292 128 ) (116 292 68.834526 ) 
4 67 68 (116 292 32 ) (116 292 76 ) (116 300 76 ) (116 300 32 ) 
4 68 77 (116 292 43.987865 ) (116 292 68.834526 ) (112 292 69.906319 ) (112 292 45.059662 ) 
4 68 76 (112 292 32 ) (116 292 32 ) (116 292 43.987865 ) (112 292 45.059662 ) 
4 68 75 (116 292 68.834526 ) (116 292 76 ) (112 292 76 ) (112 292 69.906319 ) 
4 68 71 (112 292 32 ) (112 292 76 ) (112 300 76 ) (112 300 32 ) 
4 69 70 (32 293 128 ) (32 293 80 ) (112 293 80 ) (112 293 128 ) 
4 70 79 (32 292 91.342239 ) (32 292 80 ) (42.894199 292 80 ) (45 292 87.858902 ) 
3 70 77 (42.894199 292 80 ) (74.329865 292 80 ) (45 292 87.858902 ) 
5 70 75 (112 292 80 ) (112 292 128 ) (32 292 128 ) (32 292 91.342239 ) (74.329865 292 80 ) 
4 71 79 (41.822392 292 76 ) (32 292 76 ) (32 292 66.495621 ) (38.788300 292 64.676697 ) 
5 71 77 (112 292 45.059666 ) (112 292 69.906311 ) (89.258049 292 76 ) (41.822392 292 76 ) (38.788300 292 64.676697 ) 
4 71 76 (32 292 32 ) (112 292 32 ) (112 292 45.059666 ) (32 292 66.495621 ) 
3 71 75 (112 292 69.906311 ) (112 292 76 ) (89.258049 292 76 ) 
4 71 72 (32 292 32 ) (32 292 76 ) (32 300 76 ) (32 300 32 ) 
4 72 79 (32 292 66.495621 ) (32 292 76 ) (28 292 76 ) (28 292 67.567421 ) 
4 72 76 (28 292 32 ) (32 292 32 ) (32 292 66.495621 ) (28 292 67.567421 ) 
4 72 73 (28 292 32 ) (28 292 76 ) (28 300 76 ) (28 300 32 ) 
4 73 81 (0 300 128 ) (0 300 32 ) (0 292 32 ) (0 292 128 ) 
3 73 79 (28 292 67.567421 ) (28 292 86.233276 ) (23.333502 292 68.817810 ) 
5 73 78 (28 292 86.233276 ) (28 292 92.414040 ) (0 292 99.916611 ) (0 292 75.070007 ) (23.333502 292 68.817810 ) 
4 73 76 (0 292 32 ) (28 292 32 ) (28 292 67.567421 ) (0 292 75.070007 ) 
4 73 75 (28 292 92.414040 ) (28 292 128 ) (0 292 128 ) (0 292 99.916611 ) 
4 74 77 (224 136 32 ) (224 88 32 ) (224 88 39.896034 ) (224 136 39.896034 ) 
4 74 75 (224 88 39.896034 ) (224 88 120 ) (224 136 120 ) (224 136 39.896034 ) 
4 75 126 (224 0 160 ) (0 0 160 ) (0 0 99.916611 ) (224 0 39.896034 ) 
4 75 81 (0 0 99.916611 ) (0 0 160 ) (0 292 160 ) (0 292 99.916611 ) 
4 75 80 (45 291 87.859550 ) (45 0 87.859558 ) (29.545383 0 92 ) (29.545380 291 92 ) 
4 75 79 (29.545380 292 92 ) (45 292 87.859550 ) (45 291 87.859550 ) (29.545380 291 92 ) 
4 75 78 (0 292 99.917366 ) (29.545380 292 92 ) (29.545383 0 92 ) (0 0 99.917366 ) 
4 75 77 (45 292 87.859550 ) (224 292 39.896484 ) (224 0 39.896484 ) (45 0 87.859558 ) 
3 76 126 (0 0 75.070007 ) (0 0 32 ) (160.739288 0 32 ) 
4 76 81 (0 0 32 ) (0 0 75.070007 ) (0 292 75.070007 ) (0 292 32 ) 
4 76 80 (23.333378 291 68.817352 ) (23.333380 0 68.817352 ) (38.788177 0 64.676247 ) (38.788185 291 64.676239 ) 
4 76 79 (38.788185 292 64.676239 ) (23.333378 292 68.817352 ) (23.333378 291 68.817352 ) (38.788185 291 64.676239 ) 
4 76 78 (23.333378 292 68.817352 ) (0 292 75.069519 ) (0 0 75.069519 ) (23.333380 0 68.817352 ) 
4 76 77 (160.737442 0 32 ) (160.737442 292 32 ) (38.788185 292 64.676239 ) (38.788177 0 64.676247 ) 
5 77 126 (38.788303 0 64.676704 ) (160.739288 0 32 ) (224 0 32 ) (224 0 39.896034 ) (45 0 87.858902 ) 
4 77 80 (38.790035 291 64.677727 ) (38.790039 0 64.677734 ) (45 0 87.858902 ) (45 291 87.858902 ) 
4 77 79 (38.790035 292 64.677727 ) (38.790035 291 64.677727 ) (45 291 87.858902 ) (45 292 87.858902 ) 
4 78 126 (0 0 99.916611 ) (0 0 75.070007 ) (23.333502 0 68.817810 ) (29.545204 0 92 ) 
4 78 81 (0 0 75.070007 ) (0 0 99.916611 ) (0 292 99.916611 ) (0 292 75.070007 ) 
4 78 80 (23.334961 0 68.818359 ) (23.334965 291 68.818367 ) (29.545889 291 92 ) (29.545885 0 92 ) 
4 78 79 (23.334965 291 68.818367 ) (23.334965 292 68.818367 ) (29.545889 292 92 ) (29.545889 291 92 ) 
4 79 80 (29.544922 291 92.003906 ) (23.333984 291 68.820313 ) (38.789063 291 64.679688 ) (45 291 87.858917 ) 
4 80 126 (23.333502 0 68.817810 ) (38.788303 0 64.676704 ) (45 0 87.858902 ) (29.545204 0 92 ) 
4 81 127 (0 0 32 ) (0 0 160 ) (-96 0 160 ) (-96 0 32 ) 
4 82 101 (864 0 80 ) (1024 0 80 ) (1024 -44 80 ) (864 -44 80 ) 
4 82 89 (864 0 80 ) (864 -44 80 ) (864 -44 160 ) (864 0 160 ) 
4 82 83 (864 -44 160 ) (864 -44 80 ) (1024 -44 80 ) (1024 -44 160 ) 
4 83 102 (1024 -44 80 ) (1024 -52 80 ) (864 -52 80 ) (864 -44 80 ) 
4 83 90 (864 -44 80 ) (864 -52 80 ) (864 -52 160 ) (864 -44 160 ) 
4 83 84 (864 -52 160 ) (864 -52 80 ) (1024 -52 80 ) (1024 -52 160 ) 
4 84 103 (1024 -52 80 ) (1024 -188 80 ) (864 -188 80 ) (864 -52 80 ) 
4 84 91 (864 -52 80 ) (864 -208 80 ) (864 -208 160 ) (864 -52 160 ) 
4 84 87 (864 -222 96 ) (864 -222 80 ) (1024 -222 80 ) (1024 -222 96 ) 
4 84 85 (864 -222 160 ) (864 -222 98 ) (1024 -222 98 ) (1024 -222 160 ) 
4 85 86 (864 -226 160 ) (864 -226 98 ) (1024 -226 98 ) (1024 -226 160 ) 
4 86 93 (1024 -240 96 ) (1024 -240 160 ) (864 -240 160 ) (864 -240 96 ) 
4 86 88 (1024 -240 96 ) (864 -240 96 ) (864 -226 96 ) (1024 -226 96 ) 
4 87 88 (1024 -226 96 ) (864 -226 96 ) (864 -226 80 ) (1024 -226 80 ) 
4 88 93 (864 -240 80 ) (1024 -240 80 ) (1024 -240 96 ) (864 -240 96 ) 
4 89 101 (832 -44 80 ) (832 0 80 ) (864 0 80 ) (864 -44 80 ) 
4 89 94 (832 0 80 ) (832 -32 80 ) (832 -32 160 ) (832 0 160 ) 
4 89 90 (832 -44 160 ) (832 -44 80 ) (864 -44 80 ) (864 -44 160 ) 
4 90 102 (832 -52 80 ) (832 -44 80 ) (864 -44 80 ) (864 -52 80 ) 
4 90 91 (832 -52 160 ) (832 -52 80 ) (864 -52 80 ) (864 -52 160 ) 
4 91 103 (832 -188 80 ) (832 -52 80 ) (864 -52 80 ) (864 -188 80 ) 
3 91 98 (832 -194.750000 96 ) (832 -188 96 ) (832 -188 90 ) 
4 91 96 (832 -208 96 ) (832 -208 160 ) (832 -188 160 ) (832 -188 96 ) 
4 91 95 (832 -96 80 ) (832 -188 80 ) (832 -188 160 ) (832 -96 160 ) 
4 91 92 (832 -208 160 ) (832 -208 80 ) (848 -208 80 ) (848 -208 160 ) 
4 92 96 (832 -240 96 ) (832 -240 160 ) (832 -208 160 ) (832 -208 96 ) 
4 92 93 (832 -240 160 ) (832 -240 80 ) (848 -240 80 ) (848 -240 160 ) 
4 93 113 (832 -352 80 ) (832 -260 80 ) (1024 -260 80 ) (1024 -352 80 ) 
4 93 100 (832 -260 80 ) (832 -352 80 ) (832 -352 160 ) (832 -260 160 ) 
3 93 97 (832 -260 89.998070 ) (832 -260 96 ) (832 -253.247833 96 ) 
4 93 96 (832 -260 96 ) (832 -260 160 ) (832 -240 160 ) (832 -240 96 ) 
4 94 116 (768 -32 160 ) (768 0 160 ) (768 0 80 ) (768 -32 80 ) 
4 94 105 (768 -32 80 ) (768 0 80 ) (832 0 80 ) (832 -32 80 ) 
4 95 106 (830 -96 80 ) (832 -96 80 ) (832 -188 80 ) (830 -188 80 ) 
4 95 98 (830 -188 96 ) (830 -188 90 ) (832 -188 90 ) (832 -188 96 ) 
4 95 96 (830 -188 160 ) (830 -188 96 ) (832 -188 96 ) (832 -188 160 ) 
4 95 99 (830 -96 160 ) (830 -96 80 ) (830 -188 80 ) (830 -188 160 ) 
4 96 100 (832 -260 96 ) (832 -260 160 ) (830 -260 160 ) (830 -260 96 ) 
4 96 98 (830 -194.750000 96 ) (830 -188 96 ) (832 -188 96 ) (832 -194.750000 96 ) 
4 96 97 (832 -260 96 ) (830 -260 96 ) (830 -253.247818 96 ) (832 -253.247833 96 ) 
4 96 99 (830 -260 96 ) (830 -260 160 ) (830 -188 160 ) (830 -188 96 ) 
4 97 100 (832 -260 89.998070 ) (832 -260 96 ) (830 -260 96 ) (830 -260 89.998070 ) 
3 97 99 (830 -260 89.998070 ) (830 -260 96 ) (830 -253.247818 96 ) 
3 98 99 (830 -194.750000 96 ) (830 -188 96 ) (830 -188 90 ) 
4 99 118 (768 -260 160 ) (768 -188 160 ) (768 -188 80 ) (768 -260 80 ) 
4 99 117 (768 -188 160 ) (768 -96 160 ) (768 -96 80 ) (768 -188 80 ) 
4 99 111 (804 -208 80 ) (804 -240 80 ) (776 -240 80 ) (776 -208 80 ) 
4 99 106 (768 -188 80 ) (768 -96 80 ) (830 -96 80 ) (830 -188 80 ) 
4 99 100 (768 -260 160 ) (768 -260 80 ) (830 -260 80 ) (830 -260 160 ) 
4 100 124 (768 -352 160 ) (768 -260 160 ) (768 -260 80 ) (768 -352 80 ) 
4 100 113 (768 -352 80 ) (768 -260 80 ) (832 -260 80 ) (832 -352 80 ) 
4 101 105 (832 0 32 ) (832 -32 32 ) (832 -32 80 ) (832 0 80 ) 
4 101 102 (832 -44 80 ) (832 -44 32 ) (1024 -44 32 ) (1024 -44 80 ) 
4 102 103 (832 -52 80 ) (832 -52 32 ) (1024 -52 32 ) (1024 -52 80 ) 
4 103 108 (832 -96 32 ) (832 -188 32 ) (832 -188 64 ) (832 -96 64 ) 
4 103 106 (832 -188 64 ) (832 -188 80 ) (832 -96 80 ) (832 -96 64 ) 
4 103 104 (832 -188 72 ) (832 -188 32 ) (1024 -188 32 ) (1024 -188 72 ) 
4 104 109 (832 -192 72 ) (832 -192 32 ) (1024 -192 32 ) (1024 -192 72 ) 
4 104 108 (832 -188 32 ) (832 -191 32 ) (832 -191 64 ) (832 -188 64 ) 
4 104 107 (832 -192 64 ) (832 -192 72 ) (832 -188 72 ) (832 -188 64 ) 
4 105 116 (768 0 32 ) (768 -32 32 ) (768 -32 80 ) (768 0 80 ) 
4 106 120 (768 -96 72 ) (768 -96 64 ) (768 -188 64 ) (768 -188 72 ) 
4 106 117 (768 -188 80 ) (768 -96 80 ) (768 -96 72 ) (768 -188 72 ) 
4 106 108 (768 -96 64 ) (832 -96 64 ) (832 -188 64 ) (768 -188 64 ) 
4 106 107 (768 -188 64 ) (832 -188 64 ) (832 -188 72 ) (768 -188 72 ) 
4 107 120 (768 -192 64 ) (768 -192 72 ) (768 -188 72 ) (768 -188 64 ) 
4 107 108 (832 -188 64 ) (832 -191 64 ) (768 -191 64 ) (768 -188 64 ) 
4 108 120 (768 -96 32 ) (768 -191 32 ) (768 -191 64 ) (768 -96 64 ) 
4 110 114 (832 -256 64 ) (832 -256 32 ) (1024 -256 32 ) (1024 -256 64 ) 
4 110 112 (832 -256 72 ) (832 -256 64 ) (1024 -256 64 ) (1024 -256 72 ) 
4 112 122 (768 -256 72 ) (768 -256 64 ) (768 -260 64 ) (768 -260 72 ) 
4 112 115 (768 -260 64 ) (768 -257 64 ) (832 -257 64 ) (832 -260 64 ) 
4 112 114 (832 -256 64 ) (1024 -256 64 ) (1024 -260 64 ) (832 -260 64 ) 
4 112 113 (768 -260 64 ) (1024 -260 64 ) (1024 -260 72 ) (768 -260 72 ) 
4 113 124 (768 -352 64 ) (768 -352 80 ) (768 -260 80 ) (768 -260 64 ) 
4 113 115 (832 -352 64 ) (768 -352 64 ) (768 -260 64 ) (832 -260 64 ) 
4 113 114 (1024 -352 64 ) (832 -352 64 ) (832 -260 64 ) (1024 -260 64 ) 
4 114 115 (832 -352 32 ) (832 -352 64 ) (832 -257 64 ) (832 -257 32 ) 
4 115 124 (768 -260 32 ) (768 -352 32 ) (768 -352 64 ) (768 -260 64 ) 
4 115 122 (768 -257 32 ) (768 -260 32 ) (768 -260 64 ) (768 -257 64 ) 
4 116 125 (640 0 32 ) (640 -32 32 ) (640 -32 160 ) (640 0 160 ) 
4 117 120 (766 -96 72 ) (768 -96 72 ) (768 -188 72 ) (766 -188 72 ) 
4 117 123 (764 -188 72 ) (764 -96 72 ) (766 -96 72 ) (766 -188 72 ) 
4 117 118 (764 -188 160 ) (764 -188 80 ) (768 -188 80 ) (768 -188 160 ) 
4 117 119 (764 -96 160 ) (764 -96 72 ) (764 -188 72 ) (764 -188 160 ) 
4 118 124 (768 -260 80 ) (768 -260 160 ) (764 -260 160 ) (764 -260 80 ) 
4 118 119 (764 -260 80 ) (764 -260 160 ) (764 -188 160 ) (764 -188 80 ) 
4 119 124 (640 -260 160 ) (640 -260 72 ) (764 -260 72 ) (764 -260 160 ) 
4 119 123 (764 -260 72 ) (640 -260 72 ) (640 -96 72 ) (764 -96 72 ) 
4 120 121 (766 -192 40 ) (766 -192 32 ) (768 -192 32 ) (768 -192 40 ) 
4 120 123 (766 -192 72 ) (766 -96 72 ) (766 -96 32 ) (766 -192 32 ) 
4 121 123 (766 -192 40 ) (766 -192 32 ) (766 -256 32 ) (766 -256 40 ) 
4 121 122 (766 -256 40 ) (766 -256 32 ) (768 -256 32 ) (768 -256 40 ) 
4 122 124 (766 -260 32 ) (768 -260 32 ) (768 -260 72 ) (766 -260 72 ) 
4 122 123 (766 -260 32 ) (766 -260 72 ) (766 -256 72 ) (766 -256 32 ) 
4 123 124 (640 -260 72 ) (640 -260 32 ) (766 -260 32 ) (766 -260 72 ) 
4 126 127 (0 0 160 ) (0 0 32 ) (0 -39.500000 32 ) (0 -39.500000 160 ) 
